<bold>ZyXEL NWD2205 - Ultra Compact Wireless N300 USB Adapter</bold><return/>
Ultra-kompakt design for optimal bærbarhed 802.11n overholdelse dataoverførselshastigheder på op til 300 Mbps * Soft AP funktion til deling af trådløs internetadgang Wi-Fi WMM certificeret for prioritering multimediestreaming One-touch WPS-knappen for nem trådløs sikkerhed opsætning. Grøn adapter sparer energi ubesværet .<return/>
<return/>
<bold>Specifikationer:</bold> <return/>
<bulletlist>
<bullet>WLAN: Nej</bullet>
<bullet>Trådløse protokoller: IEEE 802.11b/g, IEEE 802.11n</bullet>
<bullet>Kryptering: 64-bit WEP, 128-bit WEP, WPA, WPA2</bullet>
<bullet>LED indikator: Signal styrke, trådløs power, WPS,Ethernet</bullet>
<bullet>1 stk. USB 1.1/2.0 port/ tilslutning</bullet>
<bullet>Vægt: 3 gram</bullet>
<bullet>Mål: 36 mm x 6 mm x 18 mm</bullet>
</bulletlist>
