<bold>Tendens 1 vægmaling silkemat</bold><return/>
<return/>
Akrylforstærket, vandfortyndbar vægmaling af høj kvalitet med fremragende dækkeevne. Er meget robust og super rengøringsvenlig efter 30 dage. Lugtsvag og fri for opløsningsmidler.<return/>
<return/>
<bold>Anvendelse:</bold> Anvendes indendørs på grundede eller tidligere malede vægge i stue, værelse, entré, køkken, alrum og bryggers.<return/>
<return/>
<bold>Forbehandling:</bold> Overfladen skal være tør, fast, ren og afsmitningsfri. Snavsede og tidligere malede flader rengøres med malegrundrens og eftervaskes med rent vand. Smittende og sugende flader grundes med forankringsgrunder.<return/>
<return/>
<bold>Påføring:</bold> Malerrulle, syntetisk pensel eller airless sprøjte.
