Rød Clip on lampe med motiv fra Cars 2.

Har flexibel arm.

Perfekt som hygge- /læselampe på sengekanten.

Bruger 3 stk. AA batterier (Ekskl.)
