Sandkassesand / strandsand 1 m<sup>3</sup>

Dette hvide sandkassesand som gør det meget letter for børn at lege og bygge med sandet. Det skyldes sandets sammensætning af kornstørrelserne. Denne sammensætning gør at sandet binder meget letter sammen og gør den dermed sjovere at lege med.
