<bold>Semper tilskudsblanding fra 6 måneder</bold><return/>
<return/>
Semper Allomin 2 pulver tilskudsblanding<return/>
<return/>
Denne tilskudsblanding bruges som supplement eller erstatning for modermælk som del af en varieret kost til børn over 6 måneder.<return/>
<return/>
<bold>Allomin 2</bold> indeholder en udvalgt blanding af mælkefedt og vegetabilsk olie, som vi kalder Lipilact. Blandingen indeholder flere komponenter, som findes i mælkefedtdråbernes membraner (MFGM), eksempelvis fosfolipider, gangliosider og glykoproteiner.<return/>
<return/>
Jern bidrager til en normal kognitiv udvikling hos børn. D-vitamin er nødvendigt for normal vækst og udvikling af knogler. Jod bidrager til normal vækst hos børn.<return/>
Derfor er Allomin 2 beriget med jern, D-vitamin og jod i overensstemmelse med den danske lovgivning samt indeholder GOS (galactooligosaccharider).<return/>
Jernindholdet i Allomin 2 er 1,2 mg/100 ml færdigt produkt.<return/>
<return/>
Pakken indeholder 800 g (2x400 g) pulver ~ ca. 5,4 l færdigblandet modermælkserstatning.<return/>
<return/>
<bold>Vigtigt!</bold> Modermælk er den bedste ernæring til spædbørn. Allomin 2 kan ikke bruges som erstatning for modermælk i barnets første 6 måneder. Spørg altid sundhedsplejersken til råds om barnets mad.<return/>
<return/>
<bold>Hvordan gør jeg?</bold><return/>
<italic>Doseringstabel</italic><return/>
Vand | Pulver | Færdig mængde, ca.<return/>
60 ml | 2 strøgne mål | 65 ml<return/>
90 ml | 3 strøgne mål | 100 ml<return/>
120 ml | 4 strøgne mål | 135 ml<return/>
150 ml | 5 strøgne mål | 165 ml<return/>
180 ml | 6 strøgne mål | 200 ml<return/>
210 ml | 7 strøgne mål | 235 ml<return/>
240 ml | 8 strøgne mål | 265 ml<return/>
<bold>ANVEND ALTID MEDFØLGENDE MÅLESKE!</bold><return/>
Det er vigtigt, at du bruger den korrekte mængde pulver i forhold til det afmålte vand. For meget pulver kan give forstoppelse. For lidt pulver kan medføre, at barnet får for lidt energi og næring.<return/>
<return/>
<italic>1 strøget mål ~ ca. 4,9 g pulver</italic><return/>
<return/>
Vask altid hænder inden du tilbereder Allomin 2.<return/>
Sørg for, at sutten og flasken er rene.<return/>
Mål vandet op i sutteflasken.<return/>
Tilsæt det korrekte antal strøgne mål pulver.<return/>
Luk flasken og ryst til pulveret er opløst.<return/>
Varm uden låg og sut ved fuld i effekt i mikrobølgeovn i ca. 40 sekunder.<return/>
Tjek temperaturen ved at dryppe lidt ud på indersiden af håndleddet. Smag selv, inden du giver det til barnet.<return/>
Servér så frisklavet som muligt. Eventuelle rester kan ikke gemmes.<return/>
<return/>
Kan også tilberedes med vand fra den kolde hane. <italic>OBS! Tilberedes flere flasker ad gangen, skal det altid ske på basis af kogt vand.</italic>
