Torsdag den 1. september inviterer <bold>føtex for de små</bold> til foredrag med den anerkendte sundhedsplejerske Helen Lyng Hansen i føtex Mariagervej Randers. Helen er blandt andet kendt fra hjemmesiden netsundhedsplejerske.dk og som forfatter til blandt andet bestselleren <underlined>Helens bog om børn og søvn – sådan får du dit barn til at sove</underlined>. Om børn og deres søvn siger Helen:<return/>
&gt; ”Kunsten er at forstå dit barns søvnmønster, udviklingstrin og behov for tryghed. Når du forstår det, ved du også, hvorfor det ikke hjælper bare at slukke lyset, lukke døren og gå.”<return/>
Helen giver dig en viden om børns søvn og udvikling, der gør det lettere for dig at forstå og tackle de søvnproblemer, I oplever derhjemme. Du får hjælp til at håndtere helt konkrete problemstillinger, og der er rig mulighed for at stille spørgsmål.<return/>
<return/>
Alle deltagere får udleveret en <bold>føtex for de små</bold> goodie bag med fine sager til både mor og den lille samt et gavekort til føtex på 50,- Der er begrænset antal pladser, så tøv ikke for længe med at bestille.<return/>
<return/>
Tidspunkt: Torsdag 1. september kl. 18-20<return/>
<return/>
føtex Mariagervej Randers<return/>
Mariagervej 175<return/>
8920 Randers NV<return/>
Pris 50,-<return/>
<return/>
<bold>BEMÆRK!</bold><return/>
Dette køb er omfattet af forbrugeraftalelovens §18, stk. 2, hvilket betyder, at du ikke har fortrydelsesret, når din bestilling er gennemført.<return/>
<return/>
OBS! På grund af tekniske vanskeligheder, kan brugere med Hotmail e-mail adresser ikke benyttes af dette produkt. Benyt venligst en anden e-mail adresse.
