<bold><underlined>Ønsker du at købe mere end 20 gaveæsker? Kilk her www.bilka.dk/gd/100187664?intcmpid=vinStorkoeb</underlined></bold>
