<bold>Ultraslankt LED-TV med Ambilight</bold>
Nu kan du få en TV-oplevelse i særklasse med et 3D Smart LED-TV fra Philips' 6008-serie. Lad dig ikke narre af det slanke design - det er fyldt med funktioner som f.eks. Skype, 3D, 2-sidet Ambilight og meget mere.

<bold>En TV-oplevelse uden rammer</bold>
Det rammefrie design minimerer skærmrammen for at skabe et mere raffineret udseende, mens et perfekt finish sørger for et TV, hvor udseendet er lige så fantastisk som ydeevnen.

<bold>En verden af onlineindhold lige ved fingerspidserne</bold>
Med Skype bliver det nemt at foretage stemme- og videoopkald på dit TV. Og integreret Wi-Fi giver dig nem adgang til onlineforbindelse til resten af verden, mens Smart TV åbner dørene til en verden af onlineunderholdning.
<bold>
Få kontrol over, hvordan du deler og optager på den store skærm</bold>
Du får fjernbetjening med tastatur, som gør det nemt at indtaste tekst og en MyRemote-app, der nemt lader dig betjene dit TV med din telefon eller tablet. Med Wi-Fi Miracast kan du afspejl dine enheder på dit TV, mens SimplyShare lader dig nyde fotos, musik og film på TV'et.

<bold>En rigere underholdningsoplevelse</bold>
En 2-sidet Ambilight XL forstærker din TV-oplevelse og Pixel Precise HD giver skarpere detaljer ved bevægelse.

Med TV'et medfølger 2 mdr.’s Boxer Max inkl. halvårlig kortafgift og Boxer TV-Modul – værdi 1.296 kr. ( 2 x 299 kr. for Boxer Max + 399 kr. i halvårlig kortafgift + 299 kr. for modul).

Fødselsdagstilbudet med TV og Boxer gælder så længe lager haves.
