<bold>Fodboldtrøje fra Kappa i høj italiensk kvalitet og smart snit med mange detaljer.</bold><return/>
<return/>
Designet er baseret på den orginale Kappa Kombat Jersey, som benyttes bl.a. af FCK og andre internationelle fodboldklubber.<return/>
<return/>
Fodboldtrøjen er med korte ærmer og har print på ærmerne. Trøjen har endvidere quick dry egenskab, der gør at trøjen tørre hurtigt.
