Granit: plejemiddel<return/>
Se vores sortiment af mÃ¸belpleje her www.bilka.dk/Bolig/Moebler/moebelpleje
