<bulletlist>
<bullet>Skal af Termoplast</bullet>
<bullet>Indbygget solbrille</bullet>
<bullet>Komfortabel hjelm til de lange ture</bullet>
<bullet>Aftageligt og vaskbart SANITIZED interiør</bullet>
<bullet>Quick-release hageremslås</bullet>
<bullet>Smart kæbeåbningssystem</bullet>
<bullet>Ridsefast, anti-dug visir</bullet>
<bullet>Ventilationssystem</bullet>
</bulletlist>
