God boxmadras med 265 bonnelfjedre pr. m2, i hårdheden medium, og 5 års garanti mod fjederbrud.

Topmadras i 25 mm. purskum, med vaskbart betræk.
Silkedynen er af 100 % mulberrysilke, og er både antibakteriel og temperaturregulerende, så den er velegnet til brug hele året.
Hovedpuden måler 60 x 63 cm og består af 150 gram mulberrysilke og en fiberkerne for optimal nakkestøtte med vår af lækkert bomuldssatin.
Inkl. hvidt kuvert- og boxmadraslagen i lækker blød bomuldskvalitet.

Komplet sæt bestående af:

HUMA Classic boxmadras 90 x 200 cm x 2 stk.
Topmadras 180 x 200 cm
Hvide træben 2 x 4 stk.
Silkedyne- og pude, 2 sæt
Kuvert- og boxmadraslagen i hvid 180 x 200 cm
