<bold>Lækkert havemøbelsæt i granit og stole i formstøbt plast</bold><return/>
<return/>
Havemøbelsæt bestående af 1 bord samt 6 stole i formstøbt plast.<return/>
Vienne bordet er 100 x 205 cm og har et stel i galvaniseret stål og en bordplade med 6 granitplader.<return/>
Iowa stolene er lavet i formstøbt plast, der ligner polyrattan-flet.<return/>
Vienne sættet med 6 Iowa stole passer perfekt til den store familie, eller til par, som ofte har flere gæster<return/>
Formstøbt plast skal blot tørres af med en klud med vand og sæbe, så hvis man foretrækker et minimum af vedligeholdelse, så er dette sæt det helt rigtige.<return/>
<return/>
<bulletlist>
<bullet>Granitsæt med 6 stole</bullet>
<bullet>Stole i formstøbt plast</bullet>
<bullet>Moderne og eksklusivt granitbord til hele familien på 100 x 205 cm</bullet>
<bullet>Formstøbt plast giver et minimum af vedligeholdelse</bullet>
</bulletlist><return/>
Formstøbt plast:Det er et materiale, der ligner polyrattan-flet men dog er plastik.Dette gør det nemt at transportere og håndtere havemøblerne.<return/>
<return/>
Granit: Granit er et meget holdbart materiale, som kan modstå al slags vejr. Granit er ikke menneskeskabt men derimod hugget direkte ud af bjerge i Fjernøsten, og derfor er to møbler aldrig ens. Struktur og farven vil variere fra bord til bord.<return/>
<return/>
Vienne sæt med 6 Iowa stole er altså et lækkert havemøbelsæt til hele familien eller parret, der foretrækker et minimum af vedligeholdelse og et moderne, tidssvarende design.
